
> build
> nuxt build

Ôöî  [36mBuilding Nuxt for production...[39m
Ôöé
ÔùÅ  [32mNuxt [1m4.4.8[22m[39m[90m (with [39m[90mNitro [1m2.13.4[22m[39m[90m, Vite [1m7.3.5[22m[39m[90m and Vue [1m3.5.38[22m[39m[90m)[39m
[90m[[90mnuxt:tailwindcss[90m][39m [36mÔä╣[39m Using default Tailwind CSS file
Ôöé
ÔùÅ  Nitro preset: [36mnode-server[39m
[36mÔä╣[39m Building client...
[36mÔä╣[39m [36mvite v7.3.5 [32mbuilding client environment for production...[36m[39m
node.exe : 
Au caractère Ligne:1 : 1
+ & "C:\Program Files\nodejs/node.exe" "C:\Program Files\nodejs/node_mo ...
+ ~~~~~~~~~~~~~~~~~~~~~~~~~~~~~~~~~~~~~~~~~~~~~~~~~~~~~~~~~~~~~~~~~~~~~
    + CategoryInfo          : NotSpecified: (:String) [], RemoteException
    + FullyQualifiedErrorId : NativeCommandError
 
[43m[30m WARN [39m[49m [33m[plugin nuxt:module-preload-polyfill] 
Sourcemap is likely to be incorrect: a plugin (nuxt:module-preload-polyfill) 
was used to transform files, but didn't generate a sourcemap for the 
transformation. Consult the plugin documentation for help[39m

[36mÔä╣[39m transforming...
[36mÔä╣[39m [32mÔ£ô[39m 159 modules transformed.
[36mÔä╣[39m rendering chunks...
[36mÔä╣[39m computing gzip size...
[36mÔä╣[39m [2m../node_modules/.cache/nuxt/.nuxt/dist/client/[22m[32mmanifest.json                 [39m[1m[2m  4.89 kB[22m[1m[22m[2m Ôöé gzip:  0.85 kB[22m
[36mÔä╣[39m [2m../node_modules/.cache/nuxt/.nuxt/dist/client/[22m[35m_nuxt/error-500.BW0Y54Of.css  [39m[1m[2m  1.91 kB[22m[1m[22m[2m Ôöé gzip:  0.73 kB[22m
[36mÔä╣[39m [2m../node_modules/.cache/nuxt/.nuxt/dist/client/[22m[35m_nuxt/error-404.C3kT2QX-.css  [39m[1m[2m  2.43 kB[22m[1m[22m[2m Ôöé gzip:  0.86 kB[22m
[36mÔä╣[39m [2m../node_modules/.cache/nuxt/.nuxt/dist/client/[22m[35m_nuxt/default.i8U33Pma.css    [39m[1m[2m  4.25 kB[22m[1m[22m[2m Ôöé gzip:  1.12 kB[22m
[36mÔä╣[39m [2m../node_modules/.cache/nuxt/.nuxt/dist/client/[22m[35m_nuxt/login.DudpUuhF.css      [39m[1m[2m  4.31 kB[22m[1m[22m[2m Ôöé gzip:  1.38 kB[22m
[36mÔä╣[39m [2m../node_modules/.cache/nuxt/.nuxt/dist/client/[22m[35m_nuxt/register.DOuxkvtm.css   [39m[1m[2m  4.47 kB[22m[1m[22m[2m Ôöé gzip:  1.37 kB[22m
[36mÔä╣[39m [2m../node_modules/.cache/nuxt/.nuxt/dist/client/[22m[35m_nuxt/profile.BGYeVIVQ.css    [39m[1m[2m  4.94 kB[22m[1m[22m[2m Ôöé gzip:  1.37 kB[22m
[36mÔä╣[39m [2m../node_modules/.cache/nuxt/.nuxt/dist/client/[22m[35m_nuxt/index.BDeWeRIo.css      [39m[1m[2m  5.19 kB[22m[1m[22m[2m Ôöé gzip:  1.39 kB[22m
[36mÔä╣[39m [2m../node_modules/.cache/nuxt/.nuxt/dist/client/[22m[35m_nuxt/index.B6X3lDJn.css      [39m[1m[2m  5.85 kB[22m[1m[22m[2m Ôöé gzip:  1.50 kB[22m
[36mÔä╣[39m [2m../node_modules/.cache/nuxt/.nuxt/dist/client/[22m[35m_nuxt/entry.BK4YJe7M.css      [39m[1m[2m 15.96 kB[22m[1m[22m[2m Ôöé gzip:  3.86 kB[22m
[36mÔä╣[39m [2m../node_modules/.cache/nuxt/.nuxt/dist/client/[22m[36m_nuxt/DlAUqK2U.js             [39m[1m[2m  0.09 kB[22m[1m[22m[2m Ôöé gzip:  0.10 kB[22m
[36mÔä╣[39m [2m../node_modules/.cache/nuxt/.nuxt/dist/client/[22m[36m_nuxt/CbceT_i3.js             [39m[1m[2m  0.25 kB[22m[1m[22m[2m Ôöé gzip:  0.18 kB[22m
[36mÔä╣[39m [2m../node_modules/.cache/nuxt/.nuxt/dist/client/[22m[36m_nuxt/CbpjoKDl.js             [39m[1m[2m  0.28 kB[22m[1m[22m[2m Ôöé gzip:  0.22 kB[22m
[36mÔä╣[39m [2m../node_modules/.cache/nuxt/.nuxt/dist/client/[22m[36m_nuxt/gu774hNG.js             [39m[1m[2m  0.33 kB[22m[1m[22m[2m Ôöé gzip:  0.24 kB[22m
[36mÔä╣[39m [2m../node_modules/.cache/nuxt/.nuxt/dist/client/[22m[36m_nuxt/WswQ8PQ-.js             [39m[1m[2m  2.06 kB[22m[1m[22m[2m Ôöé gzip:  0.99 kB[22m
[36mÔä╣[39m [2m../node_modules/.cache/nuxt/.nuxt/dist/client/[22m[36m_nuxt/Bx8593iv.js             [39m[1m[2m  3.51 kB[22m[1m[22m[2m Ôöé gzip:  1.57 kB[22m
[36mÔä╣[39m [2m../node_modules/.cache/nuxt/.nuxt/dist/client/[22m[36m_nuxt/DgsxZfjo.js             [39m[1m[2m  3.82 kB[22m[1m[22m[2m Ôöé gzip:  1.72 kB[22m
[36mÔä╣[39m [2m../node_modules/.cache/nuxt/.nuxt/dist/client/[22m[36m_nuxt/CCMOnZKT.js             [39m[1m[2m  5.25 kB[22m[1m[22m[2m Ôöé gzip:  2.01 kB[22m
[36mÔä╣[39m [2m../node_modules/.cache/nuxt/.nuxt/dist/client/[22m[36m_nuxt/CnK_6Isp.js             [39m[1m[2m  5.66 kB[22m[1m[22m[2m Ôöé gzip:  2.28 kB[22m
[36mÔä╣[39m [2m../node_modules/.cache/nuxt/.nuxt/dist/client/[22m[36m_nuxt/245xQwut.js             [39m[1m[2m  5.66 kB[22m[1m[22m[2m Ôöé gzip:  2.26 kB[22m
[36mÔä╣[39m [2m../node_modules/.cache/nuxt/.nuxt/dist/client/[22m[36m_nuxt/D8pRYt4m.js             [39m[1m[2m  5.99 kB[22m[1m[22m[2m Ôöé gzip:  2.23 kB[22m
[36mÔä╣[39m [2m../node_modules/.cache/nuxt/.nuxt/dist/client/[22m[36m_nuxt/BMAmOXSP.js             [39m[1m[2m  7.73 kB[22m[1m[22m[2m Ôöé gzip:  2.44 kB[22m
[36mÔä╣[39m [2m../node_modules/.cache/nuxt/.nuxt/dist/client/[22m[36m_nuxt/B6XUSI9o.js             [39m[1m[2m  8.89 kB[22m[1m[22m[2m Ôöé gzip:  2.63 kB[22m
[36mÔä╣[39m [2m../node_modules/.cache/nuxt/.nuxt/dist/client/[22m[36m_nuxt/l_GVnYUJ.js             [39m[1m[2m  9.16 kB[22m[1m[22m[2m Ôöé gzip:  3.24 kB[22m
[36mÔä╣[39m [2m../node_modules/.cache/nuxt/.nuxt/dist/client/[22m[36m_nuxt/6Wmk0ujD.js             [39m[1m[2m  9.62 kB[22m[1m[22m[2m Ôöé gzip:  3.35 kB[22m
[36mÔä╣[39m [2m../node_modules/.cache/nuxt/.nuxt/dist/client/[22m[36m_nuxt/DoPasCpW.js             [39m[1m[2m185.32 kB[22m[1m[22m[2m Ôöé gzip: 70.00 kB[22m
[36mÔä╣[39m [2m../node_modules/.cache/nuxt/.nuxt/dist/client/[22m[36m_nuxt/CPGI3frw.js             [39m[1m[2m207.49 kB[22m[1m[22m[2m Ôöé gzip: 71.05 kB[22m
[36mÔä╣[39m [32mÔ£ô built in 4.72s[39m
[32mÔ£ö[39m Client built in 4732ms
[36mÔä╣[39m Building server...
[36mÔä╣[39m [36mvite v7.3.5 [32mbuilding ssr environment for production...[36m[39m
[36mÔä╣[39m transforming...
[36mÔä╣[39m [32mÔ£ô[39m 94 modules transformed.
[36mÔä╣[39m rendering chunks...
[36mÔä╣[39m [32mÔ£ô built in 1.69s[39m
[32mÔ£ö[39m Server built in 1710ms
[90m[[90mnitro[90m][39m [32mÔ£ö[39m Generated public [36m.output/public[39m
[90m[[90mnitro[90m][39m [36mÔä╣[39m Building Nuxt Nitro server (preset: [36mnode-server[39m, compatibility date: [36m2025-07-15[39m)
(node:13388) [DEP0155] DeprecationWarning: Use of deprecated trailing slash 
pattern mapping "./" in the "exports" field module resolution of the package 
at C:\xampp\htdocs\my_things\MyLaravelProjects\Trello_simplified\frontend\node_
modules\@vue\shared\package.json imported from C:\xampp\htdocs\my_things\MyLara
velProjects\Trello_simplified\frontend\node_modules\@nuxt\nitro-server\dist\run
time\templates\error-500.mjs. Mapping specifiers ending in "/" is no longer 
supported.
(Use `node --trace-deprecation ...` to show where the warning was created)
[90m[[90mnitro[90m][39m [32mÔ£ö[39m Nuxt Nitro server built
[90m  Ôö£ÔöÇ .output/server/chunks/_/error-500.mjs (5.09 kB)[39m[90m (2.06 kB gzip)[39m
[90m  Ôö£ÔöÇ .output/server/chunks/_/error-500.mjs.map (182 B)[39m[90m (154 B gzip)[39m
[90m  Ôö£ÔöÇ .output/server/chunks/_/nitro.mjs (174 kB)[39m[90m (43.3 kB gzip)[39m
[90m  Ôö£ÔöÇ .output/server/chunks/_/nitro.mjs.map (3.05 kB)[39m[90m (760 B gzip)[39m
[90m  Ôö£ÔöÇ .output/server/chunks/build/_id_-CJWJEaHT.mjs (28 kB)[39m[90m (5.3 kB gzip)[39m
[90m  Ôö£ÔöÇ .output/server/chunks/build/_id_-CJWJEaHT.mjs.map (183 B)[39m[90m (158 B gzip)[39m
[90m  Ôö£ÔöÇ .output/server/chunks/build/_plugin-vue_export-helper-1tPrXgE0.mjs (254 B)[39m[90m (201 B gzip)[39m
[90m  Ôö£ÔöÇ .output/server/chunks/build/_plugin-vue_export-helper-1tPrXgE0.mjs.map (225 B)[39m[90m (169 B gzip)[39m
[90m  Ôö£ÔöÇ .output/server/chunks/build/auth-q8-9kw4K.mjs (875 B)[39m[90m (391 B gzip)[39m
[90m  Ôö£ÔöÇ .output/server/chunks/build/auth-q8-9kw4K.mjs.map (183 B)[39m[90m (156 B gzip)[39m
[90m  Ôö£ÔöÇ .output/server/chunks/build/client.precomputed.mjs (12.8 kB)[39m[90m (1.48 kB gzip)[39m
[90m  Ôö£ÔöÇ .output/server/chunks/build/client.precomputed.mjs.map (188 B)[39m[90m (150 B gzip)[39m
[90m  Ôö£ÔöÇ .output/server/chunks/build/composables-L8MvuObK.mjs (732 B)[39m[90m (387 B gzip)[39m
[90m  Ôö£ÔöÇ .output/server/chunks/build/composables-L8MvuObK.mjs.map (197 B)[39m[90m (161 B gzip)[39m
[90m  Ôö£ÔöÇ .output/server/chunks/build/default-Clx_gPsA.mjs (10.5 kB)[39m[90m (2.47 kB gzip)[39m
[90m  Ôö£ÔöÇ .output/server/chunks/build/default-Clx_gPsA.mjs.map (189 B)[39m[90m (157 B gzip)[39m
[90m  Ôö£ÔöÇ .output/server/chunks/build/default-styles.D_DRpfJj.mjs (4.51 kB)[39m[90m (1.25 kB gzip)[39m
[90m  Ôö£ÔöÇ .output/server/chunks/build/default-styles.D_DRpfJj.mjs.map (311 B)[39m[90m (189 B gzip)[39m
[90m  Ôö£ÔöÇ .output/server/chunks/build/error-404-CF4VrGal.mjs (5.69 kB)[39m[90m (2.29 kB gzip)[39m
[90m  Ôö£ÔöÇ .output/server/chunks/build/error-404-CF4VrGal.mjs.map (193 B)[39m[90m (161 B gzip)[39m
[90m  Ôö£ÔöÇ .output/server/chunks/build/error-404-styles.C8lgdT6t.mjs (2.72 kB)[39m[90m (985 B gzip)[39m
[90m  Ôö£ÔöÇ .output/server/chunks/build/error-404-styles.C8lgdT6t.mjs.map (317 B)[39m[90m (191 B gzip)[39m
[90m  Ôö£ÔöÇ .output/server/chunks/build/error-500-DcSVh3qM.mjs (4.87 kB)[39m[90m (2.01 kB gzip)[39m
[90m  Ôö£ÔöÇ .output/server/chunks/build/error-500-DcSVh3qM.mjs.map (193 B)[39m[90m (162 B gzip)[39m
[90m  Ôö£ÔöÇ .output/server/chunks/build/error-500-styles.Ccrcwcfa.mjs (2.19 kB)[39m[90m (857 B gzip)[39m
[90m  Ôö£ÔöÇ .output/server/chunks/build/error-500-styles.Ccrcwcfa.mjs.map (317 B)[39m[90m (189 B gzip)[39m
[90m  Ôö£ÔöÇ .output/server/chunks/build/index-CMoEWFl1.mjs (30.1 kB)[39m[90m (4.39 kB gzip)[39m
[90m  Ôö£ÔöÇ .output/server/chunks/build/index-CMoEWFl1.mjs.map (185 B)[39m[90m (157 B gzip)[39m
[90m  Ôö£ÔöÇ .output/server/chunks/build/index-D_cBWUIl.mjs (22.1 kB)[39m[90m (4.07 kB gzip)[39m
[90m  Ôö£ÔöÇ .output/server/chunks/build/index-D_cBWUIl.mjs.map (185 B)[39m[90m (157 B gzip)[39m
[90m  Ôö£ÔöÇ .output/server/chunks/build/index-styles.Bos185oe.mjs (6.1 kB)[39m[90m (1.62 kB gzip)[39m
[90m  Ôö£ÔöÇ .output/server/chunks/build/index-styles.Bos185oe.mjs.map (305 B)[39m[90m (186 B gzip)[39m
[90m  Ôö£ÔöÇ .output/server/chunks/build/index-styles.BVWfeG6N.mjs (5.45 kB)[39m[90m (1.52 kB gzip)[39m
[90m  Ôö£ÔöÇ .output/server/chunks/build/index-styles.BVWfeG6N.mjs.map (305 B)[39m[90m (190 B gzip)[39m
[90m  Ôö£ÔöÇ .output/server/chunks/build/login-9Asuqy1T.mjs (9.47 kB)[39m[90m (2.67 kB gzip)[39m
[90m  Ôö£ÔöÇ .output/server/chunks/build/login-9Asuqy1T.mjs.map (185 B)[39m[90m (156 B gzip)[39m
[90m  Ôö£ÔöÇ .output/server/chunks/build/login-styles.dF5rAKdW.mjs (4.57 kB)[39m[90m (1.51 kB gzip)[39m
[90m  Ôö£ÔöÇ .output/server/chunks/build/login-styles.dF5rAKdW.mjs.map (305 B)[39m[90m (189 B gzip)[39m
[90m  Ôö£ÔöÇ .output/server/chunks/build/nuxt-layout-BGmqD5B_.mjs (5.22 kB)[39m[90m (1.58 kB gzip)[39m
[90m  Ôö£ÔöÇ .output/server/chunks/build/nuxt-layout-BGmqD5B_.mjs.map (197 B)[39m[90m (163 B gzip)[39m
[90m  Ôö£ÔöÇ .output/server/chunks/build/nuxt-link-DR4TixQc.mjs (10.3 kB)[39m[90m (2.76 kB gzip)[39m
[90m  Ôö£ÔöÇ .output/server/chunks/build/nuxt-link-DR4TixQc.mjs.map (193 B)[39m[90m (161 B gzip)[39m
[90m  Ôö£ÔöÇ .output/server/chunks/build/profile-C1sPX-O0.mjs (7.93 kB)[39m[90m (2.27 kB gzip)[39m
[90m  Ôö£ÔöÇ .output/server/chunks/build/profile-C1sPX-O0.mjs.map (189 B)[39m[90m (158 B gzip)[39m
[90m  Ôö£ÔöÇ .output/server/chunks/build/profile-styles.ChgflJXR.mjs (5.21 kB)[39m[90m (1.49 kB gzip)[39m
[90m  Ôö£ÔöÇ .output/server/chunks/build/profile-styles.ChgflJXR.mjs.map (311 B)[39m[90m (187 B gzip)[39m
[90m  Ôö£ÔöÇ .output/server/chunks/build/register-0mxPecqL.mjs (11.4 kB)[39m[90m (2.75 kB gzip)[39m
[90m  Ôö£ÔöÇ .output/server/chunks/build/register-0mxPecqL.mjs.map (191 B)[39m[90m (156 B gzip)[39m
[90m  Ôö£ÔöÇ .output/server/chunks/build/register-styles.Cho4qEDr.mjs (4.74 kB)[39m[90m (1.5 kB gzip)[39m
[90m  Ôö£ÔöÇ .output/server/chunks/build/register-styles.Cho4qEDr.mjs.map (314 B)[39m[90m (189 B gzip)[39m
[90m  Ôö£ÔöÇ .output/server/chunks/build/server.mjs (50.1 kB)[39m[90m (13.3 kB gzip)[39m
[90m  Ôö£ÔöÇ .output/server/chunks/build/server.mjs.map (271 B)[39m[90m (171 B gzip)[39m
[90m  Ôö£ÔöÇ .output/server/chunks/build/styles.mjs (943 B)[39m[90m (357 B gzip)[39m
[90m  Ôö£ÔöÇ .output/server/chunks/build/styles.mjs.map (164 B)[39m[90m (142 B gzip)[39m
[90m  Ôö£ÔöÇ .output/server/chunks/build/useToast-CqQSQjWj.mjs (515 B)[39m[90m (294 B gzip)[39m
[90m  Ôö£ÔöÇ .output/server/chunks/build/useToast-CqQSQjWj.mjs.map (191 B)[39m[90m (159 B gzip)[39m
[90m  Ôö£ÔöÇ .output/server/chunks/routes/renderer.mjs (13.8 kB)[39m[90m (4.4 kB gzip)[39m
[90m  Ôö£ÔöÇ .output/server/chunks/routes/renderer.mjs.map (845 B)[39m[90m (273 B gzip)[39m
[90m  Ôö£ÔöÇ .output/server/chunks/virtual/_virtual_spa-template.mjs (94 B)[39m[90m (100 B gzip)[39m
[90m  Ôö£ÔöÇ .output/server/chunks/virtual/_virtual_spa-template.mjs.map (90 B)[39m[90m (98 B gzip)[39m
[90m  Ôö£ÔöÇ .output/server/index.mjs (1.67 kB)[39m[90m (737 B gzip)[39m
[90m  ÔööÔöÇ .output/server/package.json (842 B)[39m[90m (352 B gzip)[39m
[36m╬ú Total size:[39m 2.29 MB (569 kB gzip)
[90m[[90mnitro[90m][39m [32mÔ£ö[39m You can preview this build using [36mnode .output/server/index.mjs[39m
Ôöé
Ôöö  Ô£¿ Build complete!
